g++ -m64 -march=native -mtune=native -mssse3 -O3 -ftree-vectorize -funroll-loops -pipe -DNDEBUG -Wall -Wextra -Wno-deprecated-copy -std=gnu++17 -flto=auto -fno-strict-aliasing -fno-exceptions -Isrc  -c src/keyhunt.cpp -o obj/keyhunt.o
cc -m64 -march=native -mtune=native -mssse3 -O3 -ftree-vectorize -funroll-loops -pipe -DNDEBUG -Wall -Wextra -flto=auto -fno-strict-aliasing -Wno-unused-parameter -Wno-unused-result -Isrc -c src/base58/base58.c -o obj/base58/base58.o
cc -m64 -march=native -mtune=native -mssse3 -O3 -ftree-vectorize -funroll-loops -pipe -DNDEBUG -Wall -Wextra -flto=auto -fno-strict-aliasing -Wno-unused-parameter -Wno-unused-result -Isrc -c src/rmd160/rmd160.c -o obj/rmd160/rmd160.o
cc -m64 -march=native -mtune=native -mssse3 -O3 -ftree-vectorize -funroll-loops -pipe -DNDEBUG -Wall -Wextra -flto=auto -fno-strict-aliasing -Wno-unused-parameter -Wno-unused-result -Isrc -c src/xxhash/xxhash.c -o obj/xxhash/xxhash.o
g++ -m64 -march=native -mtune=native -mssse3 -O3 -ftree-vectorize -funroll-loops -pipe -DNDEBUG -Wall -Wextra -Wno-deprecated-copy -std=gnu++17 -flto=auto -fno-strict-aliasing -fno-exceptions -Isrc  -c src/core/util.c -o obj/core/util.o
cc -m64 -march=native -mtune=native -mssse3 -O3 -ftree-vectorize -funroll-loops -pipe -DNDEBUG -Wall -Wextra -flto=auto -fno-strict-aliasing -Wno-unused-parameter -Wno-unused-result -Isrc -c src/core/sysinfo.c -o obj/core/sysinfo.o
cc -m64 -march=native -mtune=native -mssse3 -O3 -ftree-vectorize -funroll-loops -pipe -DNDEBUG -Wall -Wextra -flto=auto -fno-strict-aliasing -Wno-unused-parameter -Wno-unused-result -Isrc -c src/core/parameter_validator.c -o obj/core/parameter_validator.o
cc -m64 -march=native -mtune=native -mssse3 -O3 -ftree-vectorize -funroll-loops -pipe -DNDEBUG -Wall -Wextra -flto=auto -fno-strict-aliasing -Wno-unused-parameter -Wno-unused-result -Isrc -c src/core/config.c -o obj/core/config.o
g++ -m64 -march=native -mtune=native -mssse3 -O3 -ftree-vectorize -funroll-loops -pipe -DNDEBUG -Wall -Wextra -Wno-deprecated-copy -std=gnu++17 -flto=auto -fno-strict-aliasing -fno-exceptions -Isrc  -c src/config/config.cpp -o obj/config/config.o
g++ -m64 -march=native -mtune=native -mssse3 -O3 -ftree-vectorize -funroll-loops -pipe -DNDEBUG -Wall -Wextra -Wno-deprecated-copy -std=gnu++17 -flto=auto -fno-strict-aliasing -fno-exceptions -Isrc  -c src/gpu/gpu_backend_none.cpp -o obj/gpu/gpu_backend_none.o
cc -m64 -march=native -mtune=native -mssse3 -O3 -ftree-vectorize -funroll-loops -pipe -DNDEBUG -Wall -Wextra -flto=auto -fno-strict-aliasing -Wno-unused-parameter -Wno-unused-result -Isrc -c src/gpu/gpu_autotune.c -o obj/gpu/gpu_autotune.o
cc -m64 -march=native -mtune=native -mssse3 -O3 -ftree-vectorize -funroll-loops -pipe -DNDEBUG -Wall -Wextra -flto=auto -fno-strict-aliasing -Wno-unused-parameter -Wno-unused-result -Isrc -c src/gpu/multi_gpu_scheduler.c -o obj/gpu/multi_gpu_scheduler.o
cc -m64 -march=native -mtune=native -mssse3 -O3 -ftree-vectorize -funroll-loops -pipe -DNDEBUG -Wall -Wextra -flto=auto -fno-strict-aliasing -Wno-unused-parameter -Wno-unused-result -Isrc -c src/gpu/async_pipeline.c -o obj/gpu/async_pipeline.o
g++ -m64 -march=native -mtune=native -mssse3 -O3 -ftree-vectorize -funroll-loops -pipe -DNDEBUG -Wall -Wextra -Wno-deprecated-copy -std=gnu++17 -flto=auto -fno-strict-aliasing -fno-exceptions -Isrc  -c src/oldbloom/bloom.cpp -o obj/oldbloom/bloom.o
g++ -m64 -march=native -mtune=native -mssse3 -O3 -ftree-vectorize -funroll-loops -pipe -DNDEBUG -Wall -Wextra -Wno-deprecated-copy -std=gnu++17 -flto=auto -fno-strict-aliasing -fno-exceptions -Isrc  -c src/bloom/bloom.cpp -o obj/bloom/bloom.o
g++ -m64 -march=native -mtune=native -mssse3 -O3 -ftree-vectorize -funroll-loops -pipe -DNDEBUG -Wall -Wextra -Wno-deprecated-copy -std=gnu++17 -flto=auto -fno-strict-aliasing -fno-exceptions -Isrc  -mavx2 -c src/bloom/bloom_simd.cpp -o obj/bloom/bloom_simd.o
g++ -m64 -march=native -mtune=native -mssse3 -O3 -ftree-vectorize -funroll-loops -pipe -DNDEBUG -Wall -Wextra -Wno-deprecated-copy -std=gnu++17 -flto=auto -fno-strict-aliasing -fno-exceptions -Isrc  -c src/hash/ripemd160.cpp -o obj/hash/ripemd160.o
g++ -m64 -march=native -mtune=native -mssse3 -O3 -ftree-vectorize -funroll-loops -pipe -DNDEBUG -Wall -Wextra -Wno-deprecated-copy -std=gnu++17 -flto=auto -fno-strict-aliasing -fno-exceptions -Isrc  -c src/hash/ripemd160_sse.cpp -o obj/hash/ripemd160_sse.o
g++ -m64 -march=native -mtune=native -mssse3 -O3 -ftree-vectorize -funroll-loops -pipe -DNDEBUG -Wall -Wextra -Wno-deprecated-copy -std=gnu++17 -flto=auto -fno-strict-aliasing -fno-exceptions -Isrc  -mavx2 -c src/hash/ripemd160_avx2.cpp -o obj/hash/ripemd160_avx2.o
g++ -m64 -march=native -mtune=native -mssse3 -O3 -ftree-vectorize -funroll-loops -pipe -DNDEBUG -Wall -Wextra -Wno-deprecated-copy -std=gnu++17 -flto=auto -fno-strict-aliasing -fno-exceptions -Isrc  -mavx512f -mavx512dq -c src/hash/ripemd160_avx512.cpp -o obj/hash/ripemd160_avx512.o
g++ -m64 -march=native -mtune=native -mssse3 -O3 -ftree-vectorize -funroll-loops -pipe -DNDEBUG -Wall -Wextra -Wno-deprecated-copy -std=gnu++17 -flto=auto -fno-strict-aliasing -fno-exceptions -Isrc  -c src/hash/sha256.cpp -o obj/hash/sha256.o
g++ -m64 -march=native -mtune=native -mssse3 -O3 -ftree-vectorize -funroll-loops -pipe -DNDEBUG -Wall -Wextra -Wno-deprecated-copy -std=gnu++17 -flto=auto -fno-strict-aliasing -fno-exceptions -Isrc  -c src/hash/sha256_sse.cpp -o obj/hash/sha256_sse.o
g++ -m64 -march=native -mtune=native -mssse3 -O3 -ftree-vectorize -funroll-loops -pipe -DNDEBUG -Wall -Wextra -Wno-deprecated-copy -std=gnu++17 -flto=auto -fno-strict-aliasing -fno-exceptions -Isrc  -mavx2 -c src/hash/sha256_avx2.cpp -o obj/hash/sha256_avx2.o
g++ -m64 -march=native -mtune=native -mssse3 -O3 -ftree-vectorize -funroll-loops -pipe -DNDEBUG -Wall -Wextra -Wno-deprecated-copy -std=gnu++17 -flto=auto -fno-strict-aliasing -fno-exceptions -Isrc  -msha -msse4.1 -c src/hash/sha256_shani.cpp -o obj/hash/sha256_shani.o
g++ -m64 -march=native -mtune=native -mssse3 -O3 -ftree-vectorize -funroll-loops -pipe -DNDEBUG -Wall -Wextra -Wno-deprecated-copy -std=gnu++17 -flto=auto -fno-strict-aliasing -fno-exceptions -Isrc  -c src/sha3/sha3.c -o obj/sha3/sha3.o
g++ -m64 -march=native -mtune=native -mssse3 -O3 -ftree-vectorize -funroll-loops -pipe -DNDEBUG -Wall -Wextra -Wno-deprecated-copy -std=gnu++17 -flto=auto -fno-strict-aliasing -fno-exceptions -Isrc  -c src/sha3/keccak.c -o obj/sha3/keccak.o
g++ -m64 -march=native -mtune=native -mssse3 -O3 -ftree-vectorize -funroll-loops -pipe -DNDEBUG -Wall -Wextra -Wno-deprecated-copy -std=gnu++17 -flto=auto -fno-strict-aliasing -fno-exceptions -Isrc  -mavx2 -c src/bsgs/bsgs_ops.cpp -o obj/bsgs/bsgs_ops.o
g++ -m64 -march=native -mtune=native -mssse3 -O3 -ftree-vectorize -funroll-loops -pipe -DNDEBUG -Wall -Wextra -Wno-deprecated-copy -std=gnu++17 -flto=auto -fno-strict-aliasing -fno-exceptions -Isrc  -mavx2 -c src/bsgs/bsgs_fast.cpp -o obj/bsgs/bsgs_fast.o
cc -m64 -march=native -mtune=native -mssse3 -O3 -ftree-vectorize -funroll-loops -pipe -DNDEBUG -Wall -Wextra -flto=auto -fno-strict-aliasing -Wno-unused-parameter -Wno-unused-result -Isrc -c src/hybrid/adaptive_scheduler.c -o obj/hybrid/adaptive_scheduler.o
cc -m64 -march=native -mtune=native -mssse3 -O3 -ftree-vectorize -funroll-loops -pipe -DNDEBUG -Wall -Wextra -flto=auto -fno-strict-aliasing -Wno-unused-parameter -Wno-unused-result -Isrc -c src/util/mempool.c -o obj/util/mempool.o
cc -m64 -march=native -mtune=native -mssse3 -O3 -ftree-vectorize -funroll-loops -pipe -DNDEBUG -Wall -Wextra -flto=auto -fno-strict-aliasing -Wno-unused-parameter -Wno-unused-result -Isrc -c src/distributed/distributed.c -o obj/distributed/distributed.o
g++ -m64 -march=native -mtune=native -mssse3 -O3 -ftree-vectorize -funroll-loops -pipe -DNDEBUG -Wall -Wextra -Wno-deprecated-copy -std=gnu++17 -flto=auto -fno-strict-aliasing -fno-exceptions -Isrc  -c src/output.cpp -o obj/output.o
g++ -m64 -march=native -mtune=native -mssse3 -O3 -ftree-vectorize -funroll-loops -pipe -DNDEBUG -Wall -Wextra -Wno-deprecated-copy -std=gnu++17 -flto=auto -fno-strict-aliasing -fno-exceptions -Isrc  -c src/progress.cpp -o obj/progress.o
g++ -m64 -march=native -mtune=native -mssse3 -O3 -ftree-vectorize -funroll-loops -pipe -DNDEBUG -Wall -Wextra -Wno-deprecated-copy -std=gnu++17 -flto=auto -fno-strict-aliasing -fno-exceptions -Isrc  -c src/benchmark.cpp -o obj/benchmark.o
g++ -m64 -march=native -mtune=native -mssse3 -O3 -ftree-vectorize -funroll-loops -pipe -DNDEBUG -Wall -Wextra -Wno-deprecated-copy -std=gnu++17 -flto=auto -fno-strict-aliasing -fno-exceptions -Isrc  -c src/cli.cpp -o obj/cli.o
g++ -m64 -march=native -mtune=native -mssse3 -O3 -ftree-vectorize -funroll-loops -pipe -DNDEBUG -Wall -Wextra -Wno-deprecated-copy -std=gnu++17 -flto=auto -fno-strict-aliasing -fno-exceptions -Isrc  -c src/search/search_xpoint.cpp -o obj/search/search_xpoint.o
g++ -m64 -march=native -mtune=native -mssse3 -O3 -ftree-vectorize -funroll-loops -pipe -DNDEBUG -Wall -Wextra -Wno-deprecated-copy -std=gnu++17 -flto=auto -fno-strict-aliasing -fno-exceptions -Isrc  -c src/search/search_rmd160.cpp -o obj/search/search_rmd160.o
g++ -m64 -march=native -mtune=native -mssse3 -O3 -ftree-vectorize -funroll-loops -pipe -DNDEBUG -Wall -Wextra -Wno-deprecated-copy -std=gnu++17 -flto=auto -fno-strict-aliasing -fno-exceptions -Isrc  -c src/secp256k1/Int.cpp -o obj/secp256k1/Int.o
g++ -m64 -march=native -mtune=native -mssse3 -O3 -ftree-vectorize -funroll-loops -pipe -DNDEBUG -Wall -Wextra -Wno-deprecated-copy -std=gnu++17 -flto=auto -fno-strict-aliasing -fno-exceptions -Isrc  -c src/secp256k1/Point.cpp -o obj/secp256k1/Point.o
g++ -m64 -march=native -mtune=native -mssse3 -O3 -ftree-vectorize -funroll-loops -pipe -DNDEBUG -Wall -Wextra -Wno-deprecated-copy -std=gnu++17 -flto=auto -fno-strict-aliasing -fno-exceptions -Isrc  -c src/secp256k1/SECP256K1.cpp -o obj/secp256k1/SECP256K1.o
g++ -m64 -march=native -mtune=native -mssse3 -O3 -ftree-vectorize -funroll-loops -pipe -DNDEBUG -Wall -Wextra -Wno-deprecated-copy -std=gnu++17 -flto=auto -fno-strict-aliasing -fno-exceptions -Isrc  -c src/secp256k1/IntMod.cpp -o obj/secp256k1/IntMod.o
g++ -m64 -march=native -mtune=native -mssse3 -O3 -ftree-vectorize -funroll-loops -pipe -DNDEBUG -Wall -Wextra -Wno-deprecated-copy -std=gnu++17 -flto=auto -fno-strict-aliasing -fno-exceptions -Isrc  -c src/secp256k1/Random.cpp -o obj/secp256k1/Random.o
g++ -m64 -march=native -mtune=native -mssse3 -O3 -ftree-vectorize -funroll-loops -pipe -DNDEBUG -Wall -Wextra -Wno-deprecated-copy -std=gnu++17 -flto=auto -fno-strict-aliasing -fno-exceptions -Isrc  -c src/secp256k1/IntGroup.cpp -o obj/secp256k1/IntGroup.o
cc -m64 -march=native -mtune=native -mssse3 -O3 -ftree-vectorize -funroll-loops -pipe -DNDEBUG -Wall -Wextra -flto=auto -fno-strict-aliasing -Wno-unused-parameter -Wno-unused-result -Isrc -c src/wizard/wizard.c -o obj/wizard/wizard.o
cc -m64 -march=native -mtune=native -mssse3 -O3 -ftree-vectorize -funroll-loops -pipe -DNDEBUG -Wall -Wextra -flto=auto -fno-strict-aliasing -Wno-unused-parameter -Wno-unused-result -Isrc -c src/wizard/wizard_config.c -o obj/wizard/wizard_config.o
cc -m64 -march=native -mtune=native -mssse3 -O3 -ftree-vectorize -funroll-loops -pipe -DNDEBUG -Wall -Wextra -flto=auto -fno-strict-aliasing -Wno-unused-parameter -Wno-unused-result -Isrc -c src/wizard/wizard_ui.c -o obj/wizard/wizard_ui.o
cc -m64 -march=native -mtune=native -mssse3 -O3 -ftree-vectorize -funroll-loops -pipe -DNDEBUG -Wall -Wextra -flto=auto -fno-strict-aliasing -Wno-unused-parameter -Wno-unused-result -Isrc -c src/wizard/wizard_community.c -o obj/wizard/wizard_community.o
cc -m64 -march=native -mtune=native -mssse3 -O3 -ftree-vectorize -funroll-loops -pipe -DNDEBUG -Wall -Wextra -flto=auto -fno-strict-aliasing -Wno-unused-parameter -Wno-unused-result -Isrc -c src/wizard/wizard_server.c -o obj/wizard/wizard_server.o
cc -m64 -march=native -mtune=native -mssse3 -O3 -ftree-vectorize -funroll-loops -pipe -DNDEBUG -Wall -Wextra -flto=auto -fno-strict-aliasing -Wno-unused-parameter -Wno-unused-result -Isrc -c src/wizard/wizard_client.c -o obj/wizard/wizard_client.o
g++ -m64 -march=native -mtune=native -mssse3 -flto=auto -fno-strict-aliasing -Wl,-O3 -Wl,--as-needed obj/keyhunt.o obj/base58/base58.o obj/rmd160/rmd160.o obj/xxhash/xxhash.o obj/core/util.o obj/core/sysinfo.o obj/core/parameter_validator.o obj/core/config.o obj/config/config.o obj/gpu/gpu_backend_none.o obj/gpu/gpu_autotune.o obj/gpu/multi_gpu_scheduler.o obj/gpu/async_pipeline.o obj/oldbloom/bloom.o obj/bloom/bloom.o obj/bloom/bloom_simd.o obj/hash/ripemd160.o obj/hash/ripemd160_sse.o obj/hash/ripemd160_avx2.o obj/hash/ripemd160_avx512.o obj/hash/sha256.o obj/hash/sha256_sse.o obj/hash/sha256_avx2.o obj/hash/sha256_shani.o obj/sha3/sha3.o obj/sha3/keccak.o obj/bsgs/bsgs_ops.o obj/bsgs/bsgs_fast.o obj/hybrid/adaptive_scheduler.o obj/util/mempool.o obj/distributed/distributed.o obj/output.o obj/progress.o obj/benchmark.o obj/cli.o obj/search/search_xpoint.o obj/search/search_rmd160.o obj/secp256k1/Int.o obj/secp256k1/Point.o obj/secp256k1/SECP256K1.o obj/secp256k1/IntMod.o obj/secp256k1/Random.o obj/secp256k1/IntGroup.o obj/wizard/wizard.o obj/wizard/wizard_config.o obj/wizard/wizard_ui.o obj/wizard/wizard_community.o obj/wizard/wizard_server.o obj/wizard/wizard_client.o -lm -lpthread -ldl -o keyhunt
