g++ -m64 -march=native -mtune=native -mssse3 -O3 -ftree-vectorize -funroll-loops -pipe -DNDEBUG -Wall -Wextra -Wno-deprecated-copy -std=gnu++17 -flto=auto -fno-strict-aliasing -fno-exceptions -Isrc  -c tests/run_tests.cpp -o obj/tests/run_tests.o
g++ -m64 -march=native -mtune=native -mssse3 -O3 -ftree-vectorize -funroll-loops -pipe -DNDEBUG -Wall -Wextra -Wno-deprecated-copy -std=gnu++17 -flto=auto -fno-strict-aliasing -fno-exceptions -Isrc  -c tests/test_int.cpp -o obj/tests/test_int.o
g++ -m64 -march=native -mtune=native -mssse3 -O3 -ftree-vectorize -funroll-loops -pipe -DNDEBUG -Wall -Wextra -Wno-deprecated-copy -std=gnu++17 -flto=auto -fno-strict-aliasing -fno-exceptions -Isrc  -c tests/test_bloom.cpp -o obj/tests/test_bloom.o
g++ -m64 -march=native -mtune=native -mssse3 -O3 -ftree-vectorize -funroll-loops -pipe -DNDEBUG -Wall -Wextra -Wno-deprecated-copy -std=gnu++17 -flto=auto -fno-strict-aliasing -fno-exceptions -Isrc  -c tests/test_bsgs_integration.cpp -o obj/tests/test_bsgs_integration.o
g++ -m64 -march=native -mtune=native -mssse3 -O3 -ftree-vectorize -funroll-loops -pipe -DNDEBUG -Wall -Wextra -Wno-deprecated-copy -std=gnu++17 -flto=auto -fno-strict-aliasing -fno-exceptions -Isrc  -c tests/test_gpu_backend.cpp -o obj/tests/test_gpu_backend.o
g++ -m64 -march=native -mtune=native -mssse3 -O3 -ftree-vectorize -funroll-loops -pipe -DNDEBUG -Wall -Wextra -Wno-deprecated-copy -std=gnu++17 -flto=auto -fno-strict-aliasing -fno-exceptions -Isrc  -c tests/test_distributed.cpp -o obj/tests/test_distributed.o
g++ -m64 -march=native -mtune=native -mssse3 -O3 -ftree-vectorize -funroll-loops -pipe -DNDEBUG -Wall -Wextra -Wno-deprecated-copy -std=gnu++17 -flto=auto -fno-strict-aliasing -fno-exceptions -Isrc  -c tests/test_wizard.cpp -o obj/tests/test_wizard.o
g++ -m64 -march=native -mtune=native -mssse3 -flto=auto -fno-strict-aliasing -Wl,-O3 -Wl,--as-needed obj/tests/run_tests.o obj/tests/test_int.o obj/tests/test_bloom.o obj/tests/test_bsgs_integration.o obj/tests/test_gpu_backend.o obj/tests/test_distributed.o obj/tests/test_wizard.o obj/secp256k1/Int.o obj/secp256k1/Point.o obj/secp256k1/SECP256K1.o obj/secp256k1/IntMod.o obj/secp256k1/Random.o obj/secp256k1/IntGroup.o obj/oldbloom/bloom.o obj/bloom/bloom.o obj/bloom/bloom_simd.o obj/hash/ripemd160.o obj/hash/ripemd160_sse.o obj/hash/ripemd160_avx2.o obj/hash/ripemd160_avx512.o obj/hash/sha256.o obj/hash/sha256_sse.o obj/hash/sha256_avx2.o obj/hash/sha256_shani.o obj/sha3/sha3.o obj/sha3/keccak.o obj/base58/base58.o obj/rmd160/rmd160.o obj/xxhash/xxhash.o obj/util/mempool.o obj/core/util.o obj/core/sysinfo.o obj/core/parameter_validator.o obj/core/config.o obj/gpu/gpu_backend_none.o obj/gpu/gpu_autotune.o obj/gpu/multi_gpu_scheduler.o obj/gpu/async_pipeline.o obj/distributed/distributed.o obj/wizard/wizard.o obj/wizard/wizard_config.o obj/wizard/wizard_ui.o obj/wizard/wizard_community.o obj/wizard/wizard_server.o obj/wizard/wizard_client.o -lm -lpthread -ldl -o run_tests
./run_tests

[36m╔═══════════════════════════════════════════════════════════════╗[0m
[36m║[0m[1m           KEYHUNT UNIT TEST SUITE                            [0m[36m║[0m
[36m╚═══════════════════════════════════════════════════════════════╝[0m

[1m
>>> Running Int Tests
[0m[36m[1m
=== KEYHUNT UNIT TESTS ===[0m


[33m[Construction][0m
  Running: [1mint_construct_zero[0m ... [32mPASSED[0m
  Running: [1mint_construct_from_int32[0m ... [32mPASSED[0m
  Running: [1mint_construct_from_int64[0m ... [32mPASSED[0m
  Running: [1mint_construct_from_uint64[0m ... [32mPASSED[0m
  Running: [1mint_construct_negative[0m ... [32mPASSED[0m

[33m[Addition][0m
  Running: [1mint_add_simple[0m ... [32mPASSED[0m
  Running: [1mint_add_uint64[0m ... [32mPASSED[0m
  Running: [1mint_add_zero[0m ... [32mPASSED[0m
  Running: [1mint_add_carry[0m ... [32mPASSED[0m
  Running: [1mint_add_one[0m ... [32mPASSED[0m

[33m[Subtraction][0m
  Running: [1mint_sub_simple[0m ... [32mPASSED[0m
  Running: [1mint_sub_uint64[0m ... [32mPASSED[0m
  Running: [1mint_sub_to_zero[0m ... [32mPASSED[0m
  Running: [1mint_sub_underflow[0m ... [32mPASSED[0m
  Running: [1mint_sub_one[0m ... [32mPASSED[0m

[33m[Multiplication][0m
  Running: [1mint_mult_simple[0m ... [32mPASSED[0m
  Running: [1mint_mult_uint64[0m ... [32mPASSED[0m
  Running: [1mint_mult_by_zero[0m ... [32mPASSED[0m
  Running: [1mint_mult_by_one[0m ... [32mPASSED[0m
  Running: [1mint_mult_large[0m ... [32mPASSED[0m

[33m[Comparison][0m
  Running: [1mint_is_zero[0m ... [32mPASSED[0m
  Running: [1mint_is_one[0m ... [32mPASSED[0m
  Running: [1mint_is_negative[0m ... [32mPASSED[0m
  Running: [1mint_is_positive[0m ... [32mPASSED[0m
  Running: [1mint_is_even[0m ... [32mPASSED[0m
  Running: [1mint_is_odd[0m ... [32mPASSED[0m
  Running: [1mint_is_greater[0m ... [32mPASSED[0m
  Running: [1mint_is_equal[0m ... [32mPASSED[0m
  Running: [1mint_is_lower[0m ... [32mPASSED[0m

[33m[Bit Operations][0m
  Running: [1mint_shift_left[0m ... [32mPASSED[0m
  Running: [1mint_shift_right[0m ... [32mPASSED[0m
  Running: [1mint_get_bit[0m ... [32mPASSED[0m
  Running: [1mint_get_bit_length[0m ... [32mPASSED[0m

[33m[Hex Conversion][0m
  Running: [1mint_set_base16[0m ... [32mPASSED[0m
  Running: [1mint_set_base16_large[0m ... [32mPASSED[0m
  Running: [1mint_get_base16[0m ... [32mPASSED[0m

[33m[Negation and Absolute][0m
  Running: [1mint_neg[0m ... [32mPASSED[0m
  Running: [1mint_abs[0m ... [32mPASSED[0m

[33m[Set and Get][0m
  Running: [1mint_set[0m ... [32mPASSED[0m
  Running: [1mint_set_int32[0m ... [32mPASSED[0m
  Running: [1mint_set_int64[0m ... [32mPASSED[0m

[36m━━━━━━━━━━━━━━━━━━━━━━━━━━━━━━━━━━━━━━━━━━━━[0m
  Total:  41
  [32mPassed: 41[0m
[36m━━━━━━━━━━━━━━━━━━━━━━━━━━━━━━━━━━━━━━━━━━━━[0m

[1m
>>> Running Bloom Filter Tests
[0m[36m[1m
=== KEYHUNT UNIT TESTS ===[0m


[33m[Initialization][0m
  Running: [1mbloom_init_basic[0m ... [32mPASSED[0m
  Running: [1mbloom_init_different_sizes[0m ... [32mPASSED[0m
  Running: [1mbloom_init_invalid_entries[0m ... [32mPASSED[0m
  Running: [1mbloom_init_invalid_error_rate[0m ... [32mPASSED[0m

[33m[Insert and Check][0m
  Running: [1mbloom_add_check_basic[0m ... [32mPASSED[0m
  Running: [1mbloom_add_multiple[0m ... [32mPASSED[0m
  Running: [1mbloom_check_not_present[0m ... [32mPASSED[0m
  Running: [1mbloom_binary_data[0m ... [32mPASSED[0m

[33m[False Positive Rate][0m
  Running: [1mbloom_false_positive_rate[0m ... 
    (FP rate: 0.0083, expected: 0.0100, max: 0.0300)
[32mPASSED[0m

[33m[Reset][0m
  Running: [1mbloom_reset[0m ... [32mPASSED[0m

[33m[Error Handling][0m
  Running: [1mbloom_check_uninitialized[0m ... bloom at 0x7ffffd914e50 not initialized!
[32mPASSED[0m

[33m[Memory Pool][0m
  Running: [1mbloom_init_with_pool[0m ... [32mPASSED[0m

[33m[Stress Test][0m
  Running: [1mbloom_stress_many_insertions[0m ... [32mPASSED[0m

[33m[Edge Cases][0m
  Running: [1mbloom_empty_key[0m ... [32mPASSED[0m
  Running: [1mbloom_single_byte_key[0m ... [32mPASSED[0m
  Running: [1mbloom_duplicate_add[0m ... [32mPASSED[0m

[36m━━━━━━━━━━━━━━━━━━━━━━━━━━━━━━━━━━━━━━━━━━━━[0m
  Total:  16
  [32mPassed: 16[0m
[36m━━━━━━━━━━━━━━━━━━━━━━━━━━━━━━━━━━━━━━━━━━━━[0m

[1m
>>> Running BSGS Integration Tests
[0m[36m[1m
=== KEYHUNT UNIT TESTS ===[0m


[33m[Public Key Generation][0m
  Running: [1msecp256k1_generate_pubkey_from_privkey_1[0m ... [32mPASSED[0m
  Running: [1msecp256k1_generate_pubkey_from_privkey_2[0m ... [32mPASSED[0m
  Running: [1msecp256k1_generate_pubkey_from_privkey_5[0m ... [32mPASSED[0m
  Running: [1msecp256k1_generate_pubkey_from_privkey_593[0m ... [32mPASSED[0m
  Running: [1msecp256k1_generate_pubkey_from_privkey_26867[0m ... [32mPASSED[0m

[33m[Public Key Parsing][0m
  Running: [1msecp256k1_parse_pubkey[0m ... [32mPASSED[0m
  Running: [1msecp256k1_parse_and_verify_pubkey[0m ... [32mPASSED[0m

[33m[Point Arithmetic][0m
  Running: [1msecp256k1_point_addition[0m ... [32mPASSED[0m
  Running: [1msecp256k1_point_doubling[0m ... [32mPASSED[0m
  Running: [1msecp256k1_scalar_multiplication[0m ... [32mPASSED[0m

[33m[Mini BSGS][0m
  Running: [1mbsgs_mini_search[0m ... [32mPASSED[0m

[33m[Hash160][0m
  Running: [1msecp256k1_get_hash160[0m ... [32mPASSED[0m

[36m━━━━━━━━━━━━━━━━━━━━━━━━━━━━━━━━━━━━━━━━━━━━[0m
  Total:  12
  [32mPassed: 12[0m
[36m━━━━━━━━━━━━━━━━━━━━━━━━━━━━━━━━━━━━━━━━━━━━[0m

[1m
>>> Running GPU Backend Tests
[0m[36m[1m
=== KEYHUNT UNIT TESTS ===[0m


[33m[GPU Backend Basic (Mock)][0m
  Running: [1mgpu_backend_init_basic[0m ... [32mPASSED[0m
  Running: [1mgpu_backend_init_null_info[0m ... [32mPASSED[0m
  Running: [1mgpu_backend_available_stub[0m ... [32mPASSED[0m
  Running: [1mgpu_backend_shutdown_safe[0m ... [32mPASSED[0m

[33m[GPU Backend Operations (Mock)][0m
  Running: [1mgpu_hash160_fromX_batch_stub[0m ... [32mPASSED[0m
  Running: [1mgpu_upload_gtable_stub[0m ... [32mPASSED[0m
  Running: [1mgpu_upload_targets_stub[0m ... [32mPASSED[0m
  Running: [1mgpu_upload_bloom_stub[0m ... [32mPASSED[0m
  Running: [1mgpu_full_search_stub[0m ... [32mPASSED[0m
  Running: [1mgpu_get_optimal_batch_size_stub[0m ... [32mPASSED[0m
  Running: [1mgpu_benchmark_stub[0m ... [32mPASSED[0m

[33m[GPU Auto-tuning (Mock)][0m
  Running: [1mgpu_autotune_stub[0m ... [GPU Autotune] CUDA not available, using defaults
[32mPASSED[0m

[33m[Multi-GPU Scheduler (Mock)][0m
  Running: [1mmulti_gpu_available_check[0m ... [32mPASSED[0m
  Running: [1mmulti_gpu_init_null_config[0m ... [32mPASSED[0m
  Running: [1mmulti_gpu_shutdown_null[0m ... [32mPASSED[0m
  Running: [1mmulti_gpu_get_state_null[0m ... [32mPASSED[0m
  Running: [1mmulti_gpu_set_range_null[0m ... [32mPASSED[0m
  Running: [1mmulti_gpu_get_work_null[0m ... [32mPASSED[0m
  Running: [1mmulti_gpu_report_work_null[0m ... [32mPASSED[0m
  Running: [1mmulti_gpu_rebalance_null[0m ... [32mPASSED[0m

[33m[Async Pipeline (Mock)][0m
  Running: [1masync_pipeline_available_check[0m ... [32mPASSED[0m
  Running: [1masync_pipeline_create_null[0m ... [Async Pipeline] CUDA not available, pipeline disabled
[32mPASSED[0m
  Running: [1masync_pipeline_destroy_null[0m ... [32mPASSED[0m
  Running: [1masync_pipeline_sync_null[0m ... [32mPASSED[0m
  Running: [1masync_pipeline_get_stats_null[0m ... [32mPASSED[0m

[33m[GPU Struct Validation][0m
  Running: [1mgpu_search_config_struct[0m ... [32mPASSED[0m
  Running: [1mgpu_backend_info_struct[0m ... [32mPASSED[0m
  Running: [1mgpu_tune_result_struct[0m ... [32mPASSED[0m

[33m[Multi-GPU Struct Validation][0m
  Running: [1mmulti_gpu_device_struct[0m ... [32mPASSED[0m
  Running: [1mmulti_gpu_config_struct[0m ... [32mPASSED[0m
  Running: [1mmulti_gpu_state_struct[0m ... [32mPASSED[0m

[33m[Async Pipeline Struct Validation][0m
  Running: [1masync_pipeline_config_struct[0m ... [32mPASSED[0m
  Running: [1masync_pipeline_stats_struct[0m ... [32mPASSED[0m

[33m[Constants and Limits][0m
  Running: [1mmulti_gpu_constants[0m ... [32mPASSED[0m
  Running: [1masync_pipeline_constants[0m ... [32mPASSED[0m

[36m━━━━━━━━━━━━━━━━━━━━━━━━━━━━━━━━━━━━━━━━━━━━[0m
  Total:  35
  [32mPassed: 35[0m
[36m━━━━━━━━━━━━━━━━━━━━━━━━━━━━━━━━━━━━━━━━━━━━[0m

[1m
>>> Running Distributed Mode Tests
[0m[36m[1m
=== KEYHUNT UNIT TESTS ===[0m


[33m[Constants and Enums][0m
  Running: [1mdistributed_constants[0m ... [32mPASSED[0m
  Running: [1mwork_status_enum[0m ... [32mPASSED[0m
  Running: [1mfederation_role_enum[0m ... [32mPASSED[0m
  Running: [1mrate_limit_constants[0m ... [32mPASSED[0m

[33m[Worker Struct][0m
  Running: [1mdist_worker_struct[0m ... [32mPASSED[0m
  Running: [1mdist_work_unit_struct[0m ... [32mPASSED[0m
  Running: [1mdist_result_struct[0m ... [32mPASSED[0m

[33m[Coordinator Struct][0m
  Running: [1mdist_coordinator_struct[0m ... [32mPASSED[0m
  Running: [1mdist_coordinator_job_config[0m ... [32mPASSED[0m

[33m[Worker Client Struct][0m
  Running: [1mdist_worker_client_struct[0m ... [32mPASSED[0m

[33m[Federation Structs][0m
  Running: [1mdist_federation_peer_struct[0m ... [32mPASSED[0m
  Running: [1mdist_federation_state_struct[0m ... [32mPASSED[0m

[33m[Rate Limiting Structs][0m
  Running: [1mrate_limit_entry_struct[0m ... [32mPASSED[0m
  Running: [1mrate_limiter_struct[0m ... [32mPASSED[0m

[33m[Port Checking][0m
  Running: [1mdist_coordinator_check_port_valid[0m ... [32mPASSED[0m
  Running: [1mdist_coordinator_check_port_invalid_address[0m ... [32mPASSED[0m
  Running: [1mdist_coordinator_check_port_zero[0m ... [32mPASSED[0m

[33m[Coordinator Init][0m
  Running: [1mdist_coordinator_init_basic[0m ... [36m[SERVER][0m[36m  ℹ [0mShutdown complete. [1m0[0m results found.
[32mPASSED[0m
  Running: [1mdist_coordinator_init_default_port[0m ... [36m[SERVER][0m[36m  ℹ [0mShutdown complete. [1m0[0m results found.
[32mPASSED[0m

[33m[Coordinator Configuration][0m
  Running: [1mdist_coordinator_set_job_config_basic[0m ... [36m[SERVER][0m[36m  ℹ [0mJob: Puzzle [1m#66[0m (66 bits) | Mode: address | Keys: compress
[32mPASSED[0m
  Running: [1mdist_coordinator_set_heartbeat_interval[0m ... [32mPASSED[0m
  Running: [1mdist_coordinator_set_auth_token[0m ... [36m[SERVER][0m[36m  ℹ [0mAuthentication enabled (token required)
[32mPASSED[0m
  Running: [1mdist_coordinator_set_auth_token_null[0m ... [32mPASSED[0m
  Running: [1mdist_coordinator_set_auth_token_empty[0m ... [32mPASSED[0m
  Running: [1mdist_coordinator_set_bind_address[0m ... [32mPASSED[0m
  Running: [1mdist_coordinator_set_bind_address_null[0m ... [32mPASSED[0m
  Running: [1mdist_coordinator_enable_rate_limiting[0m ... [36m[SERVER][0m[32m  ✓ [0mRate limiting configured: 20 connections/120s, 200 messages/120s
[32mPASSED[0m
  Running: [1mdist_coordinator_enable_rate_limiting_defaults[0m ... [36m[SERVER][0m[32m  ✓ [0mRate limiting configured: 10 connections/60s, 100 messages/60s
[32mPASSED[0m

[33m[Worker Client Init][0m
  Running: [1mdist_worker_init_basic[0m ... [32mPASSED[0m
  Running: [1mdist_worker_init_default_port[0m ... [32mPASSED[0m
  Running: [1mdist_worker_set_hardware_info[0m ... [32mPASSED[0m
  Running: [1mdist_worker_set_hardware_info_no_gpu[0m ... [32mPASSED[0m
  Running: [1mdist_worker_set_auth_token[0m ... [32mPASSED[0m
  Running: [1mdist_worker_set_local_progress[0m ... [32mPASSED[0m
  Running: [1mdist_worker_get_heartbeat_interval_default[0m ... [32mPASSED[0m
  Running: [1mdist_worker_get_heartbeat_interval_custom[0m ... [32mPASSED[0m

[33m[Checkpoint/State][0m
  Running: [1mdist_coordinator_get_state_path[0m ... [32mPASSED[0m
  Running: [1mdist_coordinator_save_load_state[0m ... [32mPASSED[0m
  Running: [1mdist_coordinator_load_state_not_found[0m ... [32mPASSED[0m

[33m[TLS Configuration][0m
  Running: [1mdist_coordinator_enable_tls_no_files[0m ... [36m[SERVER][0m[31m  ✗ [0mTLS support not compiled in (requires OpenSSL)
[36m[SERVER][0m[36m  ℹ [0mRebuild with: make ENABLE_TLS=1
[32mPASSED[0m
  Running: [1mdist_worker_enable_tls_stub[0m ... [34m[CLIENT][0m[31m  ✗ [0mTLS support not compiled in (requires OpenSSL)
[34m[CLIENT][0m[36m  ℹ [0mRebuild with: make ENABLE_TLS=1
[32mPASSED[0m

[33m[Work Range Distribution][0m
  Running: [1mdist_coordinator_set_range_basic[0m ... [36m[SERVER][0m[32m  ✓ [0mCreated 256 work units (range 0x8000000000000000...)
[36m[SERVER][0m[36m  ℹ [0mShutdown complete. [1m0[0m results found.
[32mPASSED[0m
  Running: [1mdist_coordinator_set_range_small[0m ... [36m[SERVER][0m[32m  ✓ [0mCreated 1 work units (range 0x1...)
[36m[SERVER][0m[36m  ℹ [0mShutdown complete. [1m0[0m results found.
[32mPASSED[0m

[33m[Statistics][0m
  Running: [1mdist_coordinator_stats_empty[0m ... [32mPASSED[0m
  Running: [1mdist_coordinator_get_speed_stats_empty[0m ... [32mPASSED[0m

[33m[Worker Job Config][0m
  Running: [1mdist_worker_get_job_config_not_connected[0m ... [32mPASSED[0m
  Running: [1mdist_worker_get_job_config_connected[0m ... [32mPASSED[0m

[36m━━━━━━━━━━━━━━━━━━━━━━━━━━━━━━━━━━━━━━━━━━━━[0m
  Total:  47
  [32mPassed: 47[0m
[36m━━━━━━━━━━━━━━━━━━━━━━━━━━━━━━━━━━━━━━━━━━━━[0m

[1m
>>> Running Wizard Tests
[0m[36m[1m
=== KEYHUNT UNIT TESTS ===[0m


[33m[Constants][0m
  Running: [1mwizard_constants[0m ... [32mPASSED[0m
  Running: [1mwizard_privatekeys_constants[0m ... [32mPASSED[0m

[33m[Puzzle Definition Struct][0m
  Running: [1mpuzzle_def_struct[0m ... [32mPASSED[0m
  Running: [1mpuzzle_def_with_pubkey[0m ... [32mPASSED[0m
  Running: [1mpuzzle_def_solved[0m ... [32mPASSED[0m

[33m[Wizard Config Struct][0m
  Running: [1mwizard_config_struct[0m ... [32mPASSED[0m

[33m[Community Range Struct][0m
  Running: [1mcommunity_range_struct[0m ... [32mPASSED[0m

[33m[Privatekeys Progress Struct][0m
  Running: [1mprivatekeys_progress_struct[0m ... [32mPASSED[0m

[33m[Config Initialization][0m
  Running: [1mwizard_config_init[0m ... [32mPASSED[0m

[33m[Config Save/Load][0m
  Running: [1mwizard_config_save_load[0m ... [32mPASSED[0m
  Running: [1mwizard_config_load_not_found[0m ... [32mPASSED[0m
  Running: [1mwizard_config_save_invalid_path[0m ... [-] Cannot save config to /nonexistent/path/that/does/not/exist/config.json: No such file or directory
[32mPASSED[0m

[33m[Built-in Puzzles][0m
  Running: [1mwizard_get_builtin_puzzles[0m ... [32mPASSED[0m
  Running: [1mwizard_get_puzzle_by_number[0m ... [32mPASSED[0m
  Running: [1mwizard_get_puzzle_not_found[0m ... [32mPASSED[0m

[33m[Puzzle Cache][0m
  Running: [1mwizard_save_load_puzzles_cache[0m ... [32mPASSED[0m

[33m[Search Offset Calculation][0m
  Running: [1mwizard_calculate_search_offset_zero[0m ... [32mPASSED[0m
  Running: [1mwizard_calculate_search_offset_partial[0m ... [32mPASSED[0m

[33m[Scanned Region Check][0m
  Running: [1mwizard_is_in_scanned_region_zero[0m ... [32mPASSED[0m
  Running: [1mwizard_is_in_scanned_region_partial[0m ... [32mPASSED[0m

[33m[Local Progress][0m
  Running: [1mwizard_save_load_local_progress[0m ... [32mPASSED[0m

[33m[Community Sync][0m
  Running: [1mwizard_community_free_null[0m ... [32mPASSED[0m
  Running: [1mwizard_is_range_excluded_null[0m ... [32mPASSED[0m
  Running: [1mwizard_is_range_excluded_nonexistent[0m ... [32mPASSED[0m

[33m[Mode Selection Logic][0m
  Running: [1mmode_selection_with_pubkey[0m ... [32mPASSED[0m
  Running: [1mmode_selection_without_pubkey[0m ... [32mPASSED[0m

[33m[BSGS Parameter Calculation][0m
  Running: [1mbsgs_n_calculation[0m ... [32mPASSED[0m
  Running: [1mbsgs_k_default[0m ... [32mPASSED[0m

[33m[Random Mode Selection][0m
  Running: [1mrandom_mode_for_large_puzzles[0m ... [32mPASSED[0m
  Running: [1msequential_mode_for_small_puzzles[0m ... [32mPASSED[0m

[33m[Work Unit Size][0m
  Running: [1mwork_unit_size_calculation[0m ... [32mPASSED[0m
  Running: [1mwork_unit_count_estimation[0m ... [32mPASSED[0m

[33m[Server/Client Mode][0m
  Running: [1mconfig_server_mode[0m ... [32mPASSED[0m
  Running: [1mconfig_client_mode[0m ... [32mPASSED[0m

[33m[GPU Configuration][0m
  Running: [1mconfig_gpu_disabled[0m ... [32mPASSED[0m
  Running: [1mconfig_gpu_partial[0m ... [32mPASSED[0m
  Running: [1mconfig_gpu_full[0m ... [32mPASSED[0m

[33m[Key Type Configuration][0m
  Running: [1mconfig_key_type_compressed[0m ... [32mPASSED[0m
  Running: [1mconfig_key_type_uncompressed[0m ... [32mPASSED[0m
  Running: [1mconfig_key_type_both[0m ... [32mPASSED[0m

[33m[Thread Configuration][0m
  Running: [1mconfig_threads_default[0m ... [32mPASSED[0m
  Running: [1mconfig_threads_custom[0m ... [32mPASSED[0m

[33m[Community Sync Configuration][0m
  Running: [1mconfig_community_enabled[0m ... [32mPASSED[0m
  Running: [1mconfig_community_disabled[0m ... [32mPASSED[0m

[36m━━━━━━━━━━━━━━━━━━━━━━━━━━━━━━━━━━━━━━━━━━━━[0m
  Total:  44
  [32mPassed: 44[0m
[36m━━━━━━━━━━━━━━━━━━━━━━━━━━━━━━━━━━━━━━━━━━━━[0m


[36m═══════════════════════════════════════════════════════════════[0m
[32m[1m  ALL TESTS PASSED![0m
[36m═══════════════════════════════════════════════════════════════[0m

